******************************************************************************
                  TI ARM Linker PC v20.2.5                     
******************************************************************************
>> Linked Tue May 10 17:36:33 2022

OUTPUT FILE NAME:   <proyecto_signlas.out>
ENTRY POINT SYMBOL: "_c_int00_noargs"  address: 00001665


MEMORY CONFIGURATION

         name            origin    length      used     unused   attr    fill
----------------------  --------  ---------  --------  --------  ----  --------
  FLASH                 00000000   00040000  00001a9e  0003e562  R  X
  SRAM                  20000000   00008000  0000021d  00007de3  RW X


SEGMENT ALLOCATION MAP

run origin  load origin   length   init length attrs members
----------  ----------- ---------- ----------- ----- -------
00000000    00000000    00001aa0   00001aa0    r-x
  00000000    00000000    0000026c   0000026c    r-- .intvecs
  0000026c    0000026c    0000167e   0000167e    r-x .text
  000018ec    000018ec    0000019c   0000019c    r-- .const
  00001a88    00001a88    00000018   00000018    r-- .cinit
20000000    20000000    0000021d   00000000    rw-
  20000000    20000000    00000200   00000000    rw- .stack
  20000200    20000200    0000001d   00000000    rw- .data


SECTION ALLOCATION MAP

 output                                  attributes/
section   page    origin      length       input sections
--------  ----  ----------  ----------   ----------------
.intvecs   0    00000000    0000026c     
                  00000000    0000026c     tm4c123gh6pm_startup_ccs.obj (.intvecs)

.text      0    0000026c    0000167e     
                  0000026c    000004dc     uartstdio.obj (.text)
                  00000748    00000474     main.obj (.text)
                  00000bbc    000001b6     rtsv7M4_T_le_v4SPD16_eabi.lib : fd_add_t2.asm.obj (.text)
                  00000d72    00000132     driverlib.lib : gpio.obj (.text:GPIOPadConfigSet)
                  00000ea4    00000110                   : sysctl.obj (.text:SysCtlClockGet)
                  00000fb4    000000fc     rtsv7M4_T_le_v4SPD16_eabi.lib : fd_mul_t2.asm.obj (.text)
                  000010b0    000000f4     driverlib.lib : sysctl.obj (.text:SysCtlClockSet)
                  000011a4    0000009c     rtsv7M4_T_le_v4SPD16_eabi.lib : memcpy_t2.asm.obj (.text)
                  00001240    0000007a     driverlib.lib : adc.obj (.text:ADCSequenceStepConfigure)
                  000012ba    0000006e     rtsv7M4_T_le_v4SPD16_eabi.lib : fd_tos_t2.asm.obj (.text)
                  00001328    00000068     driverlib.lib : interrupt.obj (.text:IntEnable)
                  00001390    00000068     rtsv7M4_T_le_v4SPD16_eabi.lib : copy_decompress_lzss.c.obj (.text:decompress:lzss:__TI_decompress_lzss)
                  000013f8    00000060     driverlib.lib : timer.obj (.text:TimerConfigure)
                  00001458    00000050                   : adc.obj (.text:ADCSequenceConfigure)
                  000014a8    00000048                   : gpio.obj (.text:GPIOPinConfigure)
                  000014f0    00000046                   : uart.obj (.text:UARTConfigSetExpClk)
                  00001536    00000002     rtsv7M4_T_le_v4SPD16_eabi.lib : div0.asm.obj (.text)
                  00001538    00000044                                   : autoinit.c.obj (.text:__TI_auto_init_nobinit_nopinit:__TI_auto_init_nobinit_nopinit)
                  0000157c    00000040                                   : u_divt2.asm.obj (.text)
                  000015bc    0000003c     driverlib.lib : ssi.obj (.text:SSIConfigSetExpClk)
                  000015f8    00000038     rtsv7M4_T_le_v4SPD16_eabi.lib : fs_tod_t2.asm.obj (.text)
                  00001630    00000034     driverlib.lib : sysctl.obj (.text:SysCtlPeripheralEnable)
                  00001664    00000034     rtsv7M4_T_le_v4SPD16_eabi.lib : boot_cortex_m.c.obj (.text:_c_int00_noargs:_c_int00_noargs)
                  00001698    0000002e     driverlib.lib : adc.obj (.text:ADCIntStatus)
                  000016c6    0000002a                   : gpio.obj (.text:GPIODirModeSet)
                  000016f0    00000020                   : uart.obj (.text:UARTDisable)
                  00001710    00000020     rtsv7M4_T_le_v4SPD16_eabi.lib : u_tofd_t2.asm.obj (.text)
                  00001730    0000001e     driverlib.lib : adc.obj (.text:ADCSequenceDataGet)
                  0000174e    00000018                   : adc.obj (.text:ADCProcessorTrigger)
                  00001766    00000018                   : gpio.obj (.text:GPIOPinTypeGPIOOutput)
                  0000177e    00000014                   : uart.obj (.text:UARTEnable)
                  00001792    00000012                   : gpio.obj (.text:GPIOPinTypeADC)
                  000017a4    00000012                   : gpio.obj (.text:GPIOPinTypeSSI)
                  000017b6    00000012                   : gpio.obj (.text:GPIOPinTypeUART)
                  000017c8    00000012                   : ssi.obj (.text:SSIDataGetNonBlocking)
                  000017da    00000012                   : timer.obj (.text:TimerLoadSet)
                  000017ec    00000010                   : fpu.obj (.text:FPUEnable)
                  000017fc    00000010                   : fpu.obj (.text:FPULazyStackingEnable)
                  0000180c    00000010                   : interrupt.obj (.text:IntMasterEnable)
                  0000181c    0000000e                   : adc.obj (.text:ADCSequenceEnable)
                  0000182a    0000000e                   : timer.obj (.text:TimerEnable)
                  00001838    0000000e                   : uart.obj (.text:UARTCharGetNonBlocking)
                  00001846    0000000e                   : uart.obj (.text:UARTCharPutNonBlocking)
                  00001854    0000000e                   : uart.obj (.text:UARTCharsAvail)
                  00001862    0000000e     rtsv7M4_T_le_v4SPD16_eabi.lib : copy_decompress_none.c.obj (.text:decompress:none:__TI_decompress_none)
                  00001870    0000000c     driverlib.lib : cpu.obj (.text:CPUcpsie)
                  0000187c    0000000c     tm4c123gh6pm_startup_ccs.obj (.text)
                  00001888    0000000a     driverlib.lib : adc.obj (.text:ADCIntClear)
                  00001892    0000000a                   : ssi.obj (.text:SSIDataPut)
                  0000189c    0000000a                   : ssi.obj (.text:SSIEnable)
                  000018a6    0000000a                   : uart.obj (.text:UARTIntStatus)
                  000018b0    00000008                   : ssi.obj (.text:SSIBusy)
                  000018b8    00000008                   : timer.obj (.text:TimerIntEnable)
                  000018c0    00000008                   : uart.obj (.text:UARTIntEnable)
                  000018c8    00000006                   : gpio.obj (.text:GPIOPinWrite)
                  000018ce    00000006                   : sysctl.obj (.text:SysCtlDelay)
                  000018d4    00000006                   : uart.obj (.text:UARTClockSourceSet)
                  000018da    00000004                   : timer.obj (.text:TimerIntClear)
                  000018de    00000004                   : uart.obj (.text:UARTIntClear)
                  000018e2    00000004     rtsv7M4_T_le_v4SPD16_eabi.lib : pre_init.c.obj (.text:_system_pre_init)
                  000018e6    00000004                                   : exit.c.obj (.text:abort:abort)

.const     0    000018ec    0000019c     
                  000018ec    00000090     driverlib.lib : gpio.obj (.const:g_pui32GPIOBaseAddrs)
                  0000197c    00000070                   : interrupt.obj (.const)
                  000019ec    0000006c                   : sysctl.obj (.const:g_pui32Xtals)
                  00001a58    00000012     uartstdio.obj (.const:.string)
                  00001a6a    00000002     --HOLE-- [fill = 0]
                  00001a6c    0000000c     uartstdio.obj (.const:g_ui32UARTBase)
                  00001a78    0000000c     uartstdio.obj (.const:g_ui32UARTPeriph)
                  00001a84    00000004     uartstdio.obj (.const)

.cinit     0    00001a88    00000018     
                  00001a88    00000008     (.cinit..data.load) [load image, compression = lzss]
                  00001a90    00000008     (__TI_handler_table)
                  00001a98    00000008     (__TI_cinit_table)

.init_array 
*          0    00000000    00000000     UNINITIALIZED

.data      0    20000200    0000001d     UNINITIALIZED
                  20000200    00000018     main.obj (.data)
                  20000218    00000005     uartstdio.obj (.data)

.stack     0    20000000    00000200     UNINITIALIZED
                  20000000    00000004     rtsv7M4_T_le_v4SPD16_eabi.lib : boot_cortex_m.c.obj (.stack)
                  20000004    000001fc     --HOLE--

__llvm_prf_cnts 
*          0    20000000    00000000     UNINITIALIZED

MODULE SUMMARY

       Module                         code   ro data   rw data
       ------                         ----   -------   -------
    .\
       uartstdio.obj                  1244   46        5      
       main.obj                       1140   0         24     
       tm4c123gh6pm_startup_ccs.obj   12     620       0      
    +--+------------------------------+------+---------+---------+
       Total:                         2396   666       29     
                                                              
    C:/ti/TivaWare_C_Series-2.1.4.178/driverlib/ccs/Debug/driverlib.lib
       sysctl.obj                     574    108       0      
       gpio.obj                       504    144       0      
       adc.obj                        326    0         0      
       interrupt.obj                  120    112       0      
       uart.obj                       192    0         0      
       timer.obj                      140    0         0      
       ssi.obj                        106    0         0      
       fpu.obj                        32     0         0      
       cpu.obj                        12     0         0      
    +--+------------------------------+------+---------+---------+
       Total:                         2006   364       0      
                                                              
    C:\ti\ccs1110\ccs\tools\compiler\ti-cgt-arm_20.2.5.LTS\lib\rtsv7M4_T_le_v4SPD16_eabi.lib
       fd_add_t2.asm.obj              438    0         0      
       fd_mul_t2.asm.obj              252    0         0      
       memcpy_t2.asm.obj              156    0         0      
       fd_tos_t2.asm.obj              110    0         0      
       copy_decompress_lzss.c.obj     104    0         0      
       autoinit.c.obj                 68     0         0      
       u_divt2.asm.obj                64     0         0      
       fs_tod_t2.asm.obj              56     0         0      
       boot_cortex_m.c.obj            52     0         0      
       u_tofd_t2.asm.obj              32     0         0      
       copy_decompress_none.c.obj     14     0         0      
       exit.c.obj                     4      0         0      
       pre_init.c.obj                 4      0         0      
       div0.asm.obj                   2      0         0      
    +--+------------------------------+------+---------+---------+
       Total:                         1356   0         0      
                                                              
       Stack:                         0      0         512    
       Linker Generated:              0      24        0      
    +--+------------------------------+------+---------+---------+
       Grand Total:                   5758   1054      541    


LINKER GENERATED COPY TABLES

__TI_cinit_table @ 00001a98 records: 1, size/record: 8, table size: 8
	.data: load addr=00001a88, load size=00000008 bytes, run addr=20000200, run size=0000001d bytes, compression=lzss


LINKER GENERATED HANDLER TABLE

__TI_handler_table @ 00001a90 records: 2, size/record: 4, table size: 8
	index: 0, handler: __TI_decompress_lzss
	index: 1, handler: __TI_decompress_none


GLOBAL SYMBOLS: SORTED ALPHABETICALLY BY Name 

address   name                          
-------   ----                          
00001889  ADCIntClear                   
00001699  ADCIntStatus                  
0000174f  ADCProcessorTrigger           
00001459  ADCSequenceConfigure          
00001731  ADCSequenceDataGet            
0000181d  ADCSequenceEnable             
00001241  ADCSequenceStepConfigure      
000018e7  C$$EXIT                       
00001871  CPUcpsie                      
000017ed  FPUEnable                     
000017fd  FPULazyStackingEnable         
000016c7  GPIODirModeSet                
00000d73  GPIOPadConfigSet              
000014a9  GPIOPinConfigure              
00001793  GPIOPinTypeADC                
00001767  GPIOPinTypeGPIOOutput         
000017a5  GPIOPinTypeSSI                
000017b7  GPIOPinTypeUART               
000018c9  GPIOPinWrite                  
000009b5  InitADC                       
00000949  InitConsole                   
00000a69  InitSPI                       
00000a1d  InitTimer                     
00001329  IntEnable                     
0000180d  IntMasterEnable               
0000187d  ResetISR                      
000018b1  SSIBusy                       
000015bd  SSIConfigSetExpClk            
000017c9  SSIDataGetNonBlocking         
00001893  SSIDataPut                    
0000189d  SSIEnable                     
00000ea5  SysCtlClockGet                
000010b1  SysCtlClockSet                
000018cf  SysCtlDelay                   
00001631  SysCtlPeripheralEnable        
00000749  Timer0IntHandler              
000013f9  TimerConfigure                
0000182b  TimerEnable                   
000018db  TimerIntClear                 
000018b9  TimerIntEnable                
000017db  TimerLoadSet                  
00001839  UARTCharGetNonBlocking        
00001847  UARTCharPutNonBlocking        
00001855  UARTCharsAvail                
000018d5  UARTClockSourceSet            
000014f1  UARTConfigSetExpClk           
000016f1  UARTDisable                   
0000177f  UARTEnable                    
000018df  UARTIntClear                  
000018c1  UARTIntEnable                 
000008d1  UARTIntHandler                
000018a7  UARTIntStatus                 
00000921  UARTSend                      
0000026d  UARTStdioConfig               
000003e5  UARTgetc                      
0000031f  UARTgets                      
00000713  UARTprintf                    
00000419  UARTvprintf                   
000002cd  UARTwrite                     
20000200  __STACK_END                   
00000200  __STACK_SIZE                  
20000200  __STACK_TOP                   
00001a98  __TI_CINIT_Base               
00001aa0  __TI_CINIT_Limit              
00001a90  __TI_Handler_Table_Base       
00001a98  __TI_Handler_Table_Limit      
00001539  __TI_auto_init_nobinit_nopinit
00001391  __TI_decompress_lzss          
00001863  __TI_decompress_none          
ffffffff  __TI_pprof_out_hndl           
ffffffff  __TI_prof_data_size           
ffffffff  __TI_prof_data_start          
00000000  __TI_static_base__            
000012bb  __aeabi_d2f                   
00000bc7  __aeabi_dadd                  
00000fb5  __aeabi_dmul                  
00000bbd  __aeabi_dsub                  
000015f9  __aeabi_f2d                   
00001537  __aeabi_idiv0                 
00001537  __aeabi_ldiv0                 
000011a5  __aeabi_memcpy                
000011a5  __aeabi_memcpy4               
000011a5  __aeabi_memcpy8               
00001711  __aeabi_ui2d                  
0000157d  __aeabi_uidiv                 
0000157d  __aeabi_uidivmod              
ffffffff  __binit__                     
ffffffff  __c_args__                    
UNDEFED   __mpu_init                    
20000000  __stack                       
20000000  __start___llvm_prf_cnts       
20000000  __stop___llvm_prf_cnts        
00001665  _c_int00_noargs               
UNDEFED   _system_post_cinit            
000018e3  _system_pre_init              
000018e7  abort                         
ffffffff  binit                         
20000214  caso                          
00000000  g_pfnVectors                  
00000aed  main                          
000011a5  memcpy                        
20000208  x2_n_1                        
2000020c  y1                            
20000200  y1_n_1                        
20000210  y2                            
20000204  y2_n_1                        


GLOBAL SYMBOLS: SORTED BY Symbol Address 

address   name                          
-------   ----                          
00000000  __TI_static_base__            
00000000  g_pfnVectors                  
00000200  __STACK_SIZE                  
0000026d  UARTStdioConfig               
000002cd  UARTwrite                     
0000031f  UARTgets                      
000003e5  UARTgetc                      
00000419  UARTvprintf                   
00000713  UARTprintf                    
00000749  Timer0IntHandler              
000008d1  UARTIntHandler                
00000921  UARTSend                      
00000949  InitConsole                   
000009b5  InitADC                       
00000a1d  InitTimer                     
00000a69  InitSPI                       
00000aed  main                          
00000bbd  __aeabi_dsub                  
00000bc7  __aeabi_dadd                  
00000d73  GPIOPadConfigSet              
00000ea5  SysCtlClockGet                
00000fb5  __aeabi_dmul                  
000010b1  SysCtlClockSet                
000011a5  __aeabi_memcpy                
000011a5  __aeabi_memcpy4               
000011a5  __aeabi_memcpy8               
000011a5  memcpy                        
00001241  ADCSequenceStepConfigure      
000012bb  __aeabi_d2f                   
00001329  IntEnable                     
00001391  __TI_decompress_lzss          
000013f9  TimerConfigure                
00001459  ADCSequenceConfigure          
000014a9  GPIOPinConfigure              
000014f1  UARTConfigSetExpClk           
00001537  __aeabi_idiv0                 
00001537  __aeabi_ldiv0                 
00001539  __TI_auto_init_nobinit_nopinit
0000157d  __aeabi_uidiv                 
0000157d  __aeabi_uidivmod              
000015bd  SSIConfigSetExpClk            
000015f9  __aeabi_f2d                   
00001631  SysCtlPeripheralEnable        
00001665  _c_int00_noargs               
00001699  ADCIntStatus                  
000016c7  GPIODirModeSet                
000016f1  UARTDisable                   
00001711  __aeabi_ui2d                  
00001731  ADCSequenceDataGet            
0000174f  ADCProcessorTrigger           
00001767  GPIOPinTypeGPIOOutput         
0000177f  UARTEnable                    
00001793  GPIOPinTypeADC                
000017a5  GPIOPinTypeSSI                
000017b7  GPIOPinTypeUART               
000017c9  SSIDataGetNonBlocking         
000017db  TimerLoadSet                  
000017ed  FPUEnable                     
000017fd  FPULazyStackingEnable         
0000180d  IntMasterEnable               
0000181d  ADCSequenceEnable             
0000182b  TimerEnable                   
00001839  UARTCharGetNonBlocking        
00001847  UARTCharPutNonBlocking        
00001855  UARTCharsAvail                
00001863  __TI_decompress_none          
00001871  CPUcpsie                      
0000187d  ResetISR                      
00001889  ADCIntClear                   
00001893  SSIDataPut                    
0000189d  SSIEnable                     
000018a7  UARTIntStatus                 
000018b1  SSIBusy                       
000018b9  TimerIntEnable                
000018c1  UARTIntEnable                 
000018c9  GPIOPinWrite                  
000018cf  SysCtlDelay                   
000018d5  UARTClockSourceSet            
000018db  TimerIntClear                 
000018df  UARTIntClear                  
000018e3  _system_pre_init              
000018e7  C$$EXIT                       
000018e7  abort                         
00001a90  __TI_Handler_Table_Base       
00001a98  __TI_CINIT_Base               
00001a98  __TI_Handler_Table_Limit      
00001aa0  __TI_CINIT_Limit              
20000000  __stack                       
20000000  __start___llvm_prf_cnts       
20000000  __stop___llvm_prf_cnts        
20000200  __STACK_END                   
20000200  __STACK_TOP                   
20000200  y1_n_1                        
20000204  y2_n_1                        
20000208  x2_n_1                        
2000020c  y1                            
20000210  y2                            
20000214  caso                          
ffffffff  __TI_pprof_out_hndl           
ffffffff  __TI_prof_data_size           
ffffffff  __TI_prof_data_start          
ffffffff  __binit__                     
ffffffff  __c_args__                    
ffffffff  binit                         
UNDEFED   __mpu_init                    
UNDEFED   _system_post_cinit            

[106 symbols]
